Warning: You are sending unauthenticated requests to the HF Hub. Please set a HF_TOKEN to enable higher rate limits and faster downloads.

================================================================================
COMPLETE MODEL TRAINING PIPELINE - FAKENEWSNET DATASET
================================================================================

================================================================================
PART 1: BASELINE MODEL (Logistic Regression + TF-IDF)
================================================================================

[1/5] Loading FakeNewsNet datasets...
✓ Train: 16,235 samples | Val: 3,479 | Test: 3,480
✓ Class distribution (Train): Real=12,207, Fake=4,028

[2/5] Vectorizing text with TF-IDF...
✓ TF-IDF vectorization done (0.5s)
  Feature matrix shape: (16235, 5000)

[3/5] Training Logistic Regression...
✓ Model trained in 0.1s

[4/5] Evaluating baseline model...

✓ BASELINE MODEL RESULTS:
  Train Accuracy:  0.8610
  Val Accuracy:    0.8350
  Test Accuracy:   0.8428
  Train-Val Gap:   0.0260

  Test Precision:  0.8160
  Test Recall:     0.4728
  Test F1:         0.5987
  Test AUC:        0.8772

[5/5] Saving baseline model...
✓ Saved to /workspaces/misinformation-at-scale/models/baseline_lr_model.pkl

================================================================================
PART 2: DEEP LEARNING MODEL (DistilBERT with PyTorch)
================================================================================

✓ PyTorch version: 2.11.0+cu130
✓ CUDA available: False
✓ Using device: cpu

[1/6] Loading tokenizer...
✓ Tokenizer loaded

[2/6] Creating PyTorch datasets...
✓ Datasets created (batch_size=16)
  Train batches: 1015
  Val batches: 218
  Test batches: 218

[3/6] Initializing DistilBERT model...
Loading weights:   0%|          | 0/100 [00:00<?, ?it/s]Loading weights: 100%|██████████| 100/100 [00:00<00:00, 8078.55it/s]
[1mDistilBertModel LOAD REPORT[0m from: distilbert-base-uncased
Key                     | Status     |  | 
------------------------+------------+--+-
vocab_projector.bias    | UNEXPECTED |  | 
vocab_transform.weight  | UNEXPECTED |  | 
vocab_layer_norm.bias   | UNEXPECTED |  | 
vocab_transform.bias    | UNEXPECTED |  | 
vocab_layer_norm.weight | UNEXPECTED |  | 

Notes:
- UNEXPECTED:	can be ignored when loading from different task/architecture; not ok if you expect identical arch.
✓ Model initialized

[4/6] Training deep learning model...
  Epochs: 3, LR: 2e-05, Device: cpu

  Epoch 1/3
  Training:   0%|          | 0/1015 [00:00<?, ?it/s]  Training:   0%|          | 1/1015 [00:21<5:56:02, 21.07s/it]